
==================== Strictness signatures ====================
T19407.$tc'Huge:
T19407.$tc'T:
T19407.$tcHuge:
T19407.$tcT:
T19407.$trModule:
T19407.f: <SP(SP(SL,M,M,M,M,M,M,M,M,M,M,M,M,M,M,M,M,M,M,M,M,M),ML)>
T19407.g: <1P(1L,A,A,A,A,A,A,A,A,A,A,A,A,A,A,A,A,A,A,A,A,A)><MP(M,ML)>
T19407.h: <1P(1L,A)>
T19407.n: <1P(A,1L)>



==================== Cpr signatures ====================
T19407.$tc'Huge:
T19407.$tc'T:
T19407.$tcHuge:
T19407.$tcT:
T19407.$trModule:
T19407.f:
T19407.g:
T19407.h:
T19407.n:



==================== Strictness signatures ====================
T19407.$tc'Huge:
T19407.$tc'T:
T19407.$tcHuge:
T19407.$tcT:
T19407.$trModule:
T19407.f: <1P(SP(SL,M,M,M,M,M,M,M,M,M,M,M,M,M,M,M,M,M,M,M,M,M),ML)>
T19407.g: <1P(1L,A,A,A,A,A,A,A,A,A,A,A,A,A,A,A,A,A,A,A,A,A)><MP(M,ML)>
T19407.h: <1P(1L,A)>
T19407.n: <1P(A,1L)>


